// Jest Snapshot v1, https://goo.gl/fbAQLP

exports[`should render LoginPage component correctly 1`] = `
<div
  className="box-layout"
>
  <div
    className="box-layout--box"
  >
    <h1
      className="box-layout--title"
    >
      Expensify App
    </h1>
    <p>
      Keep track of what you spent with us.
    </p>
    <button
      className="button"
    >
      Login with Google
    </button>
  </div>
</div>
`;
